

Tue Jan  7 08:32:58 2020
Command line: TestDisk

TestDisk 7.0, Data Recovery Utility, April 2015
Christophe GRENIER <grenier@cgsecurity.org>
http://www.cgsecurity.org
OS: Linux, kernel 4.15.0-72-generic (#81-Ubuntu SMP Tue Nov 26 12:20:02 UTC 2019) x86_64
Compiler: GCC 7.2
ext2fs lib: 1.44.1, ntfs lib: libntfs-3g, reiserfs lib: none, ewf lib: none, curses lib: ncurses 6.0
/dev/sda: LBA, HPA, LBA48, DCO support
/dev/sda: size       1953525168 sectors
/dev/sda: user_max   1953525168 sectors
/dev/sda: native_max 1953525168 sectors
/dev/sda: dco        1953525168 sectors
Warning: can't get size for Disk /dev/mapper/control - 0 B - 0 sectors, sector size=512
Hard disk list
Disk /dev/sda - 1000 GB / 931 GiB - CHS 121601 255 63, sector size=512 - ST1000LM014-SSHD-8GB, S/N:W770P3HE, FW:LVD4
Disk /dev/sdb - 1000 GB / 931 GiB - CHS 121601 255 63, sector size=512 - Seagate Expansion, FW:0710

Partition table type (auto): EFI GPT
Disk /dev/sda - 1000 GB / 931 GiB - ST1000LM014-SSHD-8GB
Partition table type: EFI GPT

Interface Advanced
hdr_size=92
hdr_lba_self=1
hdr_lba_alt=1953525167 (expected 1953525167)
hdr_lba_start=34
hdr_lba_end=1953525134
hdr_lba_table=2
hdr_entries=128
hdr_entsz=128
 1 P Linux Swap                  2048   22140927   22138880
 2 P EFI System              22140928   23191551    1050624 [EFI System Partition]
 4 P Unknown                 23191552 1820364799 1797173248
 3 P Unknown               1820364800 1953523711  133158912
SIGHUP detected! TestDisk has been killed.
